// Jest Snapshot v1, https://goo.gl/fbAQLP

exports[`NavBar component Button is clickable 1`] = `ReactWrapper {}`;
