// Jest Snapshot v1, https://goo.gl/fbAQLP

exports[`Table snapshot test Filter by data is clickable 1`] = `ReactWrapper {}`;
